/home/lart/Datasets/Saliency/RGBDSOD/NJUD_FULL/001139_left
/home/lart/Datasets/Saliency/RGBDSOD/NJUD_FULL/000114_left
/home/lart/Datasets/Saliency/RGBDSOD/NJUD_FULL/001542_left
/home/lart/Datasets/Saliency/RGBDSOD/NJUD_FULL/001737_left
/home/lart/Datasets/Saliency/RGBDSOD/NJUD_FULL/000474_left
/home/lart/Datasets/Saliency/RGBDSOD/NJUD_FULL/001612_left
/home/lart/Datasets/Saliency/RGBDSOD/NJUD_FULL/000273_left
/home/lart/Datasets/Saliency/RGBDSOD/NJUD_FULL/000358_left
/home/lart/Datasets/Saliency/RGBDSOD/NJUD_FULL/000119_left
/home/lart/Datasets/Saliency/RGBDSOD/NJUD_FULL/001966_left
/home/lart/Datasets/Saliency/RGBDSOD/NJUD_FULL/001651_left
/home/lart/Datasets/Saliency/RGBDSOD/NJUD_FULL/000551_left
/home/lart/Datasets/Saliency/RGBDSOD/NJUD_FULL/000223_left
/home/lart/Datasets/Saliency/RGBDSOD/NJUD_FULL/000043_left
/home/lart/Datasets/Saliency/RGBDSOD/NJUD_FULL/000761_left
/home/lart/Datasets/Saliency/RGBDSOD/NJUD_FULL/000219_left
/home/lart/Datasets/Saliency/RGBDSOD/NJUD_FULL/000876_left
/home/lart/Datasets/Saliency/RGBDSOD/NJUD_FULL/000353_left
/home/lart/Datasets/Saliency/RGBDSOD/NJUD_FULL/001406_left
/home/lart/Datasets/Saliency/RGBDSOD/NJUD_FULL/001887_left
/home/lart/Datasets/Saliency/RGBDSOD/NJUD_FULL/000261_left
/home/lart/Datasets/Saliency/RGBDSOD/NJUD_FULL/000715_left
/home/lart/Datasets/Saliency/RGBDSOD/NJUD_FULL/001336_left
/home/lart/Datasets/Saliency/RGBDSOD/NJUD_FULL/001837_left
/home/lart/Datasets/Saliency/RGBDSOD/NJUD_FULL/001535_left
/home/lart/Datasets/Saliency/RGBDSOD/NJUD_FULL/000694_left
/home/lart/Datasets/Saliency/RGBDSOD/NJUD_FULL/000658_left
/home/lart/Datasets/Saliency/RGBDSOD/NJUD_FULL/001972_left
/home/lart/Datasets/Saliency/RGBDSOD/NJUD_FULL/001293_left
/home/lart/Datasets/Saliency/RGBDSOD/NJUD_FULL/001187_left
/home/lart/Datasets/Saliency/RGBDSOD/NJUD_FULL/001711_left
/home/lart/Datasets/Saliency/RGBDSOD/NJUD_FULL/001890_left
/home/lart/Datasets/Saliency/RGBDSOD/NJUD_FULL/001994_left
/home/lart/Datasets/Saliency/RGBDSOD/NJUD_FULL/001252_left
/home/lart/Datasets/Saliency/RGBDSOD/NJUD_FULL/000680_left
/home/lart/Datasets/Saliency/RGBDSOD/NJUD_FULL/001394_left
/home/lart/Datasets/Saliency/RGBDSOD/NJUD_FULL/000547_left
/home/lart/Datasets/Saliency/RGBDSOD/NJUD_FULL/000636_left
/home/lart/Datasets/Saliency/RGBDSOD/NJUD_FULL/001784_left
/home/lart/Datasets/Saliency/RGBDSOD/NJUD_FULL/001932_left
/home/lart/Datasets/Saliency/RGBDSOD/NJUD_FULL/001902_left
/home/lart/Datasets/Saliency/RGBDSOD/NJUD_FULL/000315_left
/home/lart/Datasets/Saliency/RGBDSOD/NJUD_FULL/001292_left
/home/lart/Datasets/Saliency/RGBDSOD/NJUD_FULL/001367_left
/home/lart/Datasets/Saliency/RGBDSOD/NJUD_FULL/000792_left
/home/lart/Datasets/Saliency/RGBDSOD/NJUD_FULL/000831_left
/home/lart/Datasets/Saliency/RGBDSOD/NJUD_FULL/001814_left
/home/lart/Datasets/Saliency/RGBDSOD/NJUD_FULL/000384_left
/home/lart/Datasets/Saliency/RGBDSOD/NJUD_FULL/001901_left
/home/lart/Datasets/Saliency/RGBDSOD/NJUD_FULL/000905_left
/home/lart/Datasets/Saliency/RGBDSOD/NJUD_FULL/000258_left
/home/lart/Datasets/Saliency/RGBDSOD/NJUD_FULL/000344_left
/home/lart/Datasets/Saliency/RGBDSOD/NJUD_FULL/000642_left
/home/lart/Datasets/Saliency/RGBDSOD/NJUD_FULL/000975_left
/home/lart/Datasets/Saliency/RGBDSOD/NJUD_FULL/001160_left
/home/lart/Datasets/Saliency/RGBDSOD/NJUD_FULL/000571_left
/home/lart/Datasets/Saliency/RGBDSOD/NJUD_FULL/000611_left
/home/lart/Datasets/Saliency/RGBDSOD/NJUD_FULL/000157_left
/home/lart/Datasets/Saliency/RGBDSOD/NJUD_FULL/001736_left
/home/lart/Datasets/Saliency/RGBDSOD/NJUD_FULL/000558_left
/home/lart/Datasets/Saliency/RGBDSOD/NJUD_FULL/001125_left
/home/lart/Datasets/Saliency/RGBDSOD/NJUD_FULL/000196_left
/home/lart/Datasets/Saliency/RGBDSOD/NJUD_FULL/000900_left
/home/lart/Datasets/Saliency/RGBDSOD/NJUD_FULL/000697_left
/home/lart/Datasets/Saliency/RGBDSOD/NJUD_FULL/000594_left
/home/lart/Datasets/Saliency/RGBDSOD/NJUD_FULL/001430_left
/home/lart/Datasets/Saliency/RGBDSOD/NJUD_FULL/001603_left
/home/lart/Datasets/Saliency/RGBDSOD/NJUD_FULL/001077_left
/home/lart/Datasets/Saliency/RGBDSOD/NJUD_FULL/001746_left
/home/lart/Datasets/Saliency/RGBDSOD/NJUD_FULL/001935_left
/home/lart/Datasets/Saliency/RGBDSOD/NJUD_FULL/000771_left
/home/lart/Datasets/Saliency/RGBDSOD/NJUD_FULL/000822_left
/home/lart/Datasets/Saliency/RGBDSOD/NJUD_FULL/000545_left
/home/lart/Datasets/Saliency/RGBDSOD/NJUD_FULL/001141_left
/home/lart/Datasets/Saliency/RGBDSOD/NJUD_FULL/000110_left
/home/lart/Datasets/Saliency/RGBDSOD/NJUD_FULL/000929_left
/home/lart/Datasets/Saliency/RGBDSOD/NJUD_FULL/000251_left
/home/lart/Datasets/Saliency/RGBDSOD/NJUD_FULL/000237_left
/home/lart/Datasets/Saliency/RGBDSOD/NJUD_FULL/001727_left
/home/lart/Datasets/Saliency/RGBDSOD/NJUD_FULL/001753_left
/home/lart/Datasets/Saliency/RGBDSOD/NJUD_FULL/000886_left
/home/lart/Datasets/Saliency/RGBDSOD/NJUD_FULL/001450_left
/home/lart/Datasets/Saliency/RGBDSOD/NJUD_FULL/001562_left
/home/lart/Datasets/Saliency/RGBDSOD/NJUD_FULL/000667_left
/home/lart/Datasets/Saliency/RGBDSOD/NJUD_FULL/001356_left
/home/lart/Datasets/Saliency/RGBDSOD/NJUD_FULL/001650_left
/home/lart/Datasets/Saliency/RGBDSOD/NJUD_FULL/001415_left
/home/lart/Datasets/Saliency/RGBDSOD/NJUD_FULL/000566_left
/home/lart/Datasets/Saliency/RGBDSOD/NJUD_FULL/001068_left
/home/lart/Datasets/Saliency/RGBDSOD/NJUD_FULL/001557_left
/home/lart/Datasets/Saliency/RGBDSOD/NJUD_FULL/001598_left
/home/lart/Datasets/Saliency/RGBDSOD/NJUD_FULL/001721_left
/home/lart/Datasets/Saliency/RGBDSOD/NJUD_FULL/000391_left
/home/lart/Datasets/Saliency/RGBDSOD/NJUD_FULL/001653_left
/home/lart/Datasets/Saliency/RGBDSOD/NJUD_FULL/001912_left
/home/lart/Datasets/Saliency/RGBDSOD/NJUD_FULL/001017_left
/home/lart/Datasets/Saliency/RGBDSOD/NJUD_FULL/000779_left
/home/lart/Datasets/Saliency/RGBDSOD/NJUD_FULL/001548_left
/home/lart/Datasets/Saliency/RGBDSOD/NJUD_FULL/001733_left
/home/lart/Datasets/Saliency/RGBDSOD/NJUD_FULL/001969_left
/home/lart/Datasets/Saliency/RGBDSOD/NJUD_FULL/001145_left
/home/lart/Datasets/Saliency/RGBDSOD/NJUD_FULL/000198_left
/home/lart/Datasets/Saliency/RGBDSOD/NJUD_FULL/001748_left
/home/lart/Datasets/Saliency/RGBDSOD/NJUD_FULL/001647_left
/home/lart/Datasets/Saliency/RGBDSOD/NJUD_FULL/000117_left
/home/lart/Datasets/Saliency/RGBDSOD/NJUD_FULL/000023_left
/home/lart/Datasets/Saliency/RGBDSOD/NJUD_FULL/000316_left
/home/lart/Datasets/Saliency/RGBDSOD/NJUD_FULL/000868_left
/home/lart/Datasets/Saliency/RGBDSOD/NJUD_FULL/001879_left
/home/lart/Datasets/Saliency/RGBDSOD/NJUD_FULL/001105_left
/home/lart/Datasets/Saliency/RGBDSOD/NJUD_FULL/001269_left
/home/lart/Datasets/Saliency/RGBDSOD/NJUD_FULL/000820_left
/home/lart/Datasets/Saliency/RGBDSOD/NJUD_FULL/000991_left
/home/lart/Datasets/Saliency/RGBDSOD/NJUD_FULL/001167_left
/home/lart/Datasets/Saliency/RGBDSOD/NJUD_FULL/000754_left
/home/lart/Datasets/Saliency/RGBDSOD/NJUD_FULL/001564_left
/home/lart/Datasets/Saliency/RGBDSOD/NJUD_FULL/002002_left
/home/lart/Datasets/Saliency/RGBDSOD/NJUD_FULL/000349_left
/home/lart/Datasets/Saliency/RGBDSOD/NJUD_FULL/000631_left
/home/lart/Datasets/Saliency/RGBDSOD/NJUD_FULL/000652_left
/home/lart/Datasets/Saliency/RGBDSOD/NJUD_FULL/001111_left
/home/lart/Datasets/Saliency/RGBDSOD/NJUD_FULL/000586_left
/home/lart/Datasets/Saliency/RGBDSOD/NJUD_FULL/001037_left
/home/lart/Datasets/Saliency/RGBDSOD/NJUD_FULL/000296_left
/home/lart/Datasets/Saliency/RGBDSOD/NJUD_FULL/001682_left
/home/lart/Datasets/Saliency/RGBDSOD/NJUD_FULL/000451_left
/home/lart/Datasets/Saliency/RGBDSOD/NJUD_FULL/000845_left
/home/lart/Datasets/Saliency/RGBDSOD/NJUD_FULL/000090_left
/home/lart/Datasets/Saliency/RGBDSOD/NJUD_FULL/001480_left
/home/lart/Datasets/Saliency/RGBDSOD/NJUD_FULL/001027_left
/home/lart/Datasets/Saliency/RGBDSOD/NJUD_FULL/001900_left
/home/lart/Datasets/Saliency/RGBDSOD/NJUD_FULL/001258_left
/home/lart/Datasets/Saliency/RGBDSOD/NJUD_FULL/000187_left
/home/lart/Datasets/Saliency/RGBDSOD/NJUD_FULL/000027_left
/home/lart/Datasets/Saliency/RGBDSOD/NJUD_FULL/000651_left
/home/lart/Datasets/Saliency/RGBDSOD/NJUD_FULL/001847_left
/home/lart/Datasets/Saliency/RGBDSOD/NJUD_FULL/000410_left
/home/lart/Datasets/Saliency/RGBDSOD/NJUD_FULL/000582_left
/home/lart/Datasets/Saliency/RGBDSOD/NJUD_FULL/001446_left
/home/lart/Datasets/Saliency/RGBDSOD/NJUD_FULL/001775_left
/home/lart/Datasets/Saliency/RGBDSOD/NJUD_FULL/000846_left
/home/lart/Datasets/Saliency/RGBDSOD/NJUD_FULL/001817_left
/home/lart/Datasets/Saliency/RGBDSOD/NJUD_FULL/000356_left
/home/lart/Datasets/Saliency/RGBDSOD/NJUD_FULL/000455_left
/home/lart/Datasets/Saliency/RGBDSOD/NJUD_FULL/001333_left
/home/lart/Datasets/Saliency/RGBDSOD/NJUD_FULL/000819_left
/home/lart/Datasets/Saliency/RGBDSOD/NJUD_FULL/001572_left
/home/lart/Datasets/Saliency/RGBDSOD/NJUD_FULL/001196_left
/home/lart/Datasets/Saliency/RGBDSOD/NJUD_FULL/001583_left
/home/lart/Datasets/Saliency/RGBDSOD/NJUD_FULL/000028_left
/home/lart/Datasets/Saliency/RGBDSOD/NJUD_FULL/001632_left
/home/lart/Datasets/Saliency/RGBDSOD/NJUD_FULL/001816_left
/home/lart/Datasets/Saliency/RGBDSOD/NJUD_FULL/001910_left
/home/lart/Datasets/Saliency/RGBDSOD/NJUD_FULL/000379_left
/home/lart/Datasets/Saliency/RGBDSOD/NJUD_FULL/001952_left
/home/lart/Datasets/Saliency/RGBDSOD/NJUD_FULL/000918_left
/home/lart/Datasets/Saliency/RGBDSOD/NJUD_FULL/000670_left
/home/lart/Datasets/Saliency/RGBDSOD/NJUD_FULL/000132_left
/home/lart/Datasets/Saliency/RGBDSOD/NJUD_FULL/000134_left
/home/lart/Datasets/Saliency/RGBDSOD/NJUD_FULL/001296_left
/home/lart/Datasets/Saliency/RGBDSOD/NJUD_FULL/000802_left
/home/lart/Datasets/Saliency/RGBDSOD/NJUD_FULL/000403_left
/home/lart/Datasets/Saliency/RGBDSOD/NJUD_FULL/000213_left
/home/lart/Datasets/Saliency/RGBDSOD/NJUD_FULL/000848_left
/home/lart/Datasets/Saliency/RGBDSOD/NJUD_FULL/001826_left
/home/lart/Datasets/Saliency/RGBDSOD/NJUD_FULL/001363_left
/home/lart/Datasets/Saliency/RGBDSOD/NJUD_FULL/001906_left
/home/lart/Datasets/Saliency/RGBDSOD/NJUD_FULL/000490_left
/home/lart/Datasets/Saliency/RGBDSOD/NJUD_FULL/001822_left
/home/lart/Datasets/Saliency/RGBDSOD/NJUD_FULL/001352_left
/home/lart/Datasets/Saliency/RGBDSOD/NJUD_FULL/000397_left
/home/lart/Datasets/Saliency/RGBDSOD/NJUD_FULL/001329_left
/home/lart/Datasets/Saliency/RGBDSOD/NJUD_FULL/000320_left
/home/lart/Datasets/Saliency/RGBDSOD/NJUD_FULL/001114_left
/home/lart/Datasets/Saliency/RGBDSOD/NJUD_FULL/001685_left
/home/lart/Datasets/Saliency/RGBDSOD/NJUD_FULL/000749_left
/home/lart/Datasets/Saliency/RGBDSOD/NJUD_FULL/001459_left
/home/lart/Datasets/Saliency/RGBDSOD/NJUD_FULL/001267_left
/home/lart/Datasets/Saliency/RGBDSOD/NJUD_FULL/001977_left
/home/lart/Datasets/Saliency/RGBDSOD/NJUD_FULL/001401_left
/home/lart/Datasets/Saliency/RGBDSOD/NJUD_FULL/001437_left
/home/lart/Datasets/Saliency/RGBDSOD/NJUD_FULL/000958_left
/home/lart/Datasets/Saliency/RGBDSOD/NJUD_FULL/001973_left
/home/lart/Datasets/Saliency/RGBDSOD/NJUD_FULL/000721_left
/home/lart/Datasets/Saliency/RGBDSOD/NJUD_FULL/000645_left
/home/lart/Datasets/Saliency/RGBDSOD/NJUD_FULL/000968_left
/home/lart/Datasets/Saliency/RGBDSOD/NJUD_FULL/001654_left
/home/lart/Datasets/Saliency/RGBDSOD/NJUD_FULL/001519_left
/home/lart/Datasets/Saliency/RGBDSOD/NJUD_FULL/001928_left
/home/lart/Datasets/Saliency/RGBDSOD/NJUD_FULL/000034_left
/home/lart/Datasets/Saliency/RGBDSOD/NJUD_FULL/000624_left
/home/lart/Datasets/Saliency/RGBDSOD/NJUD_FULL/001190_left
/home/lart/Datasets/Saliency/RGBDSOD/NJUD_FULL/000445_left
/home/lart/Datasets/Saliency/RGBDSOD/NJUD_FULL/001940_left
/home/lart/Datasets/Saliency/RGBDSOD/NJUD_FULL/000271_left
/home/lart/Datasets/Saliency/RGBDSOD/NJUD_FULL/001528_left
/home/lart/Datasets/Saliency/RGBDSOD/NJUD_FULL/001080_left
/home/lart/Datasets/Saliency/RGBDSOD/NJUD_FULL/000940_left
/home/lart/Datasets/Saliency/RGBDSOD/NJUD_FULL/001436_left
/home/lart/Datasets/Saliency/RGBDSOD/NJUD_FULL/001591_left
/home/lart/Datasets/Saliency/RGBDSOD/NJUD_FULL/001679_left
/home/lart/Datasets/Saliency/RGBDSOD/NJUD_FULL/000605_left
/home/lart/Datasets/Saliency/RGBDSOD/NJUD_FULL/001839_left
/home/lart/Datasets/Saliency/RGBDSOD/NJUD_FULL/000257_left
/home/lart/Datasets/Saliency/RGBDSOD/NJUD_FULL/001454_left
/home/lart/Datasets/Saliency/RGBDSOD/NJUD_FULL/000824_left
/home/lart/Datasets/Saliency/RGBDSOD/NJUD_FULL/001186_left
/home/lart/Datasets/Saliency/RGBDSOD/NJUD_FULL/001955_left
/home/lart/Datasets/Saliency/RGBDSOD/NJUD_FULL/000469_left
/home/lart/Datasets/Saliency/RGBDSOD/NJUD_FULL/001053_left
/home/lart/Datasets/Saliency/RGBDSOD/NJUD_FULL/000836_left
/home/lart/Datasets/Saliency/RGBDSOD/NJUD_FULL/001151_left
/home/lart/Datasets/Saliency/RGBDSOD/NJUD_FULL/001253_left
/home/lart/Datasets/Saliency/RGBDSOD/NJUD_FULL/000695_left
/home/lart/Datasets/Saliency/RGBDSOD/NJUD_FULL/000122_left
/home/lart/Datasets/Saliency/RGBDSOD/NJUD_FULL/000340_left
/home/lart/Datasets/Saliency/RGBDSOD/NJUD_FULL/000176_left
/home/lart/Datasets/Saliency/RGBDSOD/NJUD_FULL/001588_left
/home/lart/Datasets/Saliency/RGBDSOD/NJUD_FULL/001384_left
/home/lart/Datasets/Saliency/RGBDSOD/NJUD_FULL/001163_left
/home/lart/Datasets/Saliency/RGBDSOD/NJUD_FULL/001301_left
/home/lart/Datasets/Saliency/RGBDSOD/NJUD_FULL/000635_left
/home/lart/Datasets/Saliency/RGBDSOD/NJUD_FULL/001194_left
/home/lart/Datasets/Saliency/RGBDSOD/NJUD_FULL/000781_left
/home/lart/Datasets/Saliency/RGBDSOD/NJUD_FULL/000335_left
/home/lart/Datasets/Saliency/RGBDSOD/NJUD_FULL/000734_left
/home/lart/Datasets/Saliency/RGBDSOD/NJUD_FULL/001485_left
/home/lart/Datasets/Saliency/RGBDSOD/NJUD_FULL/001474_left
/home/lart/Datasets/Saliency/RGBDSOD/NJUD_FULL/000637_left
/home/lart/Datasets/Saliency/RGBDSOD/NJUD_FULL/001170_left
/home/lart/Datasets/Saliency/RGBDSOD/NJUD_FULL/000778_left
/home/lart/Datasets/Saliency/RGBDSOD/NJUD_FULL/001622_left
/home/lart/Datasets/Saliency/RGBDSOD/NJUD_FULL/001400_left
/home/lart/Datasets/Saliency/RGBDSOD/NJUD_FULL/001580_left
/home/lart/Datasets/Saliency/RGBDSOD/NJUD_FULL/001613_left
/home/lart/Datasets/Saliency/RGBDSOD/NJUD_FULL/000430_left
/home/lart/Datasets/Saliency/RGBDSOD/NJUD_FULL/000621_left
/home/lart/Datasets/Saliency/RGBDSOD/NJUD_FULL/001508_left
/home/lart/Datasets/Saliency/RGBDSOD/NJUD_FULL/001452_left
/home/lart/Datasets/Saliency/RGBDSOD/NJUD_FULL/000458_left
/home/lart/Datasets/Saliency/RGBDSOD/NJUD_FULL/001426_left
/home/lart/Datasets/Saliency/RGBDSOD/NJUD_FULL/000492_left
/home/lart/Datasets/Saliency/RGBDSOD/NJUD_FULL/001657_left
/home/lart/Datasets/Saliency/RGBDSOD/NJUD_FULL/001865_left
/home/lart/Datasets/Saliency/RGBDSOD/NJUD_FULL/000912_left
/home/lart/Datasets/Saliency/RGBDSOD/NJUD_FULL/000989_left
/home/lart/Datasets/Saliency/RGBDSOD/NJUD_FULL/001349_left
/home/lart/Datasets/Saliency/RGBDSOD/NJUD_FULL/001071_left
/home/lart/Datasets/Saliency/RGBDSOD/NJUD_FULL/000097_left
/home/lart/Datasets/Saliency/RGBDSOD/NJUD_FULL/001968_left
/home/lart/Datasets/Saliency/RGBDSOD/NJUD_FULL/001433_left
/home/lart/Datasets/Saliency/RGBDSOD/NJUD_FULL/001712_left
/home/lart/Datasets/Saliency/RGBDSOD/NJUD_FULL/001724_left
/home/lart/Datasets/Saliency/RGBDSOD/NJUD_FULL/001766_left
/home/lart/Datasets/Saliency/RGBDSOD/NJUD_FULL/001311_left
/home/lart/Datasets/Saliency/RGBDSOD/NJUD_FULL/000026_left
/home/lart/Datasets/Saliency/RGBDSOD/NJUD_FULL/001526_left
/home/lart/Datasets/Saliency/RGBDSOD/NJUD_FULL/000939_left
/home/lart/Datasets/Saliency/RGBDSOD/NJUD_FULL/001789_left
/home/lart/Datasets/Saliency/RGBDSOD/NJUD_FULL/000156_left
/home/lart/Datasets/Saliency/RGBDSOD/NJUD_FULL/000616_left
/home/lart/Datasets/Saliency/RGBDSOD/NJUD_FULL/001476_left
/home/lart/Datasets/Saliency/RGBDSOD/NJUD_FULL/000911_left
/home/lart/Datasets/Saliency/RGBDSOD/NJUD_FULL/001266_left
/home/lart/Datasets/Saliency/RGBDSOD/NJUD_FULL/001007_left
/home/lart/Datasets/Saliency/RGBDSOD/NJUD_FULL/001503_left
/home/lart/Datasets/Saliency/RGBDSOD/NJUD_FULL/000368_left
/home/lart/Datasets/Saliency/RGBDSOD/NJUD_FULL/000089_left
/home/lart/Datasets/Saliency/RGBDSOD/NJUD_FULL/000364_left
/home/lart/Datasets/Saliency/RGBDSOD/NJUD_FULL/001168_left
/home/lart/Datasets/Saliency/RGBDSOD/NJUD_FULL/001813_left
/home/lart/Datasets/Saliency/RGBDSOD/NJUD_FULL/001399_left
/home/lart/Datasets/Saliency/RGBDSOD/NJUD_FULL/001882_left
/home/lart/Datasets/Saliency/RGBDSOD/NJUD_FULL/001019_left
/home/lart/Datasets/Saliency/RGBDSOD/NJUD_FULL/000620_left
/home/lart/Datasets/Saliency/RGBDSOD/NJUD_FULL/000502_left
/home/lart/Datasets/Saliency/RGBDSOD/NJUD_FULL/001028_left
/home/lart/Datasets/Saliency/RGBDSOD/NJUD_FULL/000377_left
/home/lart/Datasets/Saliency/RGBDSOD/NJUD_FULL/001280_left
/home/lart/Datasets/Saliency/RGBDSOD/NJUD_FULL/000896_left
/home/lart/Datasets/Saliency/RGBDSOD/NJUD_FULL/000239_left
/home/lart/Datasets/Saliency/RGBDSOD/NJUD_FULL/000501_left
/home/lart/Datasets/Saliency/RGBDSOD/NJUD_FULL/000025_left
/home/lart/Datasets/Saliency/RGBDSOD/NJUD_FULL/001908_left
/home/lart/Datasets/Saliency/RGBDSOD/NJUD_FULL/001841_left
/home/lart/Datasets/Saliency/RGBDSOD/NJUD_FULL/001852_left
/home/lart/Datasets/Saliency/RGBDSOD/NJUD_FULL/001897_left
/home/lart/Datasets/Saliency/RGBDSOD/NJUD_FULL/000017_left
/home/lart/Datasets/Saliency/RGBDSOD/NJUD_FULL/001255_left
/home/lart/Datasets/Saliency/RGBDSOD/NJUD_FULL/001569_left
/home/lart/Datasets/Saliency/RGBDSOD/NJUD_FULL/001001_left
/home/lart/Datasets/Saliency/RGBDSOD/NJUD_FULL/001629_left
/home/lart/Datasets/Saliency/RGBDSOD/NJUD_FULL/000949_left
/home/lart/Datasets/Saliency/RGBDSOD/NJUD_FULL/001509_left
/home/lart/Datasets/Saliency/RGBDSOD/NJUD_FULL/000318_left
/home/lart/Datasets/Saliency/RGBDSOD/NJUD_FULL/000959_left
/home/lart/Datasets/Saliency/RGBDSOD/NJUD_FULL/000478_left
/home/lart/Datasets/Saliency/RGBDSOD/NJUD_FULL/001744_left
/home/lart/Datasets/Saliency/RGBDSOD/NJUD_FULL/001717_left
/home/lart/Datasets/Saliency/RGBDSOD/NJUD_FULL/000863_left
/home/lart/Datasets/Saliency/RGBDSOD/NJUD_FULL/001377_left
/home/lart/Datasets/Saliency/RGBDSOD/NJUD_FULL/000486_left
/home/lart/Datasets/Saliency/RGBDSOD/NJUD_FULL/001227_left
/home/lart/Datasets/Saliency/RGBDSOD/NJUD_FULL/001735_left
/home/lart/Datasets/Saliency/RGBDSOD/NJUD_FULL/001388_left
/home/lart/Datasets/Saliency/RGBDSOD/NJUD_FULL/001138_left
/home/lart/Datasets/Saliency/RGBDSOD/NJUD_FULL/001425_left
/home/lart/Datasets/Saliency/RGBDSOD/NJUD_FULL/000452_left
/home/lart/Datasets/Saliency/RGBDSOD/NJUD_FULL/000139_left
/home/lart/Datasets/Saliency/RGBDSOD/NJUD_FULL/001991_left
/home/lart/Datasets/Saliency/RGBDSOD/NJUD_FULL/001628_left
/home/lart/Datasets/Saliency/RGBDSOD/NJUD_FULL/001676_left
/home/lart/Datasets/Saliency/RGBDSOD/NJUD_FULL/000240_left
/home/lart/Datasets/Saliency/RGBDSOD/NJUD_FULL/001985_left
/home/lart/Datasets/Saliency/RGBDSOD/NJUD_FULL/001787_left
/home/lart/Datasets/Saliency/RGBDSOD/NJUD_FULL/000334_left
/home/lart/Datasets/Saliency/RGBDSOD/NJUD_FULL/001840_left
/home/lart/Datasets/Saliency/RGBDSOD/NJUD_FULL/000933_left
/home/lart/Datasets/Saliency/RGBDSOD/NJUD_FULL/000722_left
/home/lart/Datasets/Saliency/RGBDSOD/NJUD_FULL/001078_left
/home/lart/Datasets/Saliency/RGBDSOD/NJUD_FULL/001009_left
/home/lart/Datasets/Saliency/RGBDSOD/NJUD_FULL/000860_left
/home/lart/Datasets/Saliency/RGBDSOD/NJUD_FULL/000428_left
/home/lart/Datasets/Saliency/RGBDSOD/NJUD_FULL/001949_left
/home/lart/Datasets/Saliency/RGBDSOD/NJUD_FULL/000277_left
/home/lart/Datasets/Saliency/RGBDSOD/NJUD_FULL/001342_left
/home/lart/Datasets/Saliency/RGBDSOD/NJUD_FULL/001681_left
/home/lart/Datasets/Saliency/RGBDSOD/NJUD_FULL/000735_left
/home/lart/Datasets/Saliency/RGBDSOD/NJUD_FULL/001046_left
/home/lart/Datasets/Saliency/RGBDSOD/NJUD_FULL/000634_left
/home/lart/Datasets/Saliency/RGBDSOD/NJUD_FULL/001921_left
/home/lart/Datasets/Saliency/RGBDSOD/NJUD_FULL/000703_left
/home/lart/Datasets/Saliency/RGBDSOD/NJUD_FULL/001368_left
/home/lart/Datasets/Saliency/RGBDSOD/NJUD_FULL/000516_left
/home/lart/Datasets/Saliency/RGBDSOD/NJUD_FULL/000795_left
/home/lart/Datasets/Saliency/RGBDSOD/NJUD_FULL/001547_left
/home/lart/Datasets/Saliency/RGBDSOD/NJUD_FULL/001279_left
/home/lart/Datasets/Saliency/RGBDSOD/NJUD_FULL/000448_left
/home/lart/Datasets/Saliency/RGBDSOD/NJUD_FULL/000692_left
/home/lart/Datasets/Saliency/RGBDSOD/NJUD_FULL/000535_left
/home/lart/Datasets/Saliency/RGBDSOD/NJUD_FULL/000643_left
/home/lart/Datasets/Saliency/RGBDSOD/NJUD_FULL/001917_left
/home/lart/Datasets/Saliency/RGBDSOD/NJUD_FULL/001085_left
/home/lart/Datasets/Saliency/RGBDSOD/NJUD_FULL/001691_left
/home/lart/Datasets/Saliency/RGBDSOD/NJUD_FULL/000227_left
/home/lart/Datasets/Saliency/RGBDSOD/NJUD_FULL/000155_left
/home/lart/Datasets/Saliency/RGBDSOD/NJUD_FULL/001857_left
/home/lart/Datasets/Saliency/RGBDSOD/NJUD_FULL/001959_left
/home/lart/Datasets/Saliency/RGBDSOD/NJUD_FULL/000084_left
/home/lart/Datasets/Saliency/RGBDSOD/NJUD_FULL/001997_left
/home/lart/Datasets/Saliency/RGBDSOD/NJUD_FULL/000406_left
/home/lart/Datasets/Saliency/RGBDSOD/NJUD_FULL/001871_left
/home/lart/Datasets/Saliency/RGBDSOD/NJUD_FULL/001992_left
/home/lart/Datasets/Saliency/RGBDSOD/NJUD_FULL/001178_left
/home/lart/Datasets/Saliency/RGBDSOD/NJUD_FULL/001035_left
/home/lart/Datasets/Saliency/RGBDSOD/NJUD_FULL/001731_left
/home/lart/Datasets/Saliency/RGBDSOD/NJUD_FULL/001198_left
/home/lart/Datasets/Saliency/RGBDSOD/NJUD_FULL/000513_left
/home/lart/Datasets/Saliency/RGBDSOD/NJUD_FULL/000592_left
/home/lart/Datasets/Saliency/RGBDSOD/NJUD_FULL/000216_left
/home/lart/Datasets/Saliency/RGBDSOD/NJUD_FULL/002000_left
/home/lart/Datasets/Saliency/RGBDSOD/NJUD_FULL/000476_left
/home/lart/Datasets/Saliency/RGBDSOD/NJUD_FULL/001214_left
/home/lart/Datasets/Saliency/RGBDSOD/NJUD_FULL/001123_left
/home/lart/Datasets/Saliency/RGBDSOD/NJUD_FULL/001462_left
/home/lart/Datasets/Saliency/RGBDSOD/NJUD_FULL/000087_left
/home/lart/Datasets/Saliency/RGBDSOD/NJUD_FULL/000699_left
/home/lart/Datasets/Saliency/RGBDSOD/NJUD_FULL/000542_left
/home/lart/Datasets/Saliency/RGBDSOD/NJUD_FULL/001264_left
/home/lart/Datasets/Saliency/RGBDSOD/NJUD_FULL/000040_left
/home/lart/Datasets/Saliency/RGBDSOD/NJUD_FULL/001300_left
/home/lart/Datasets/Saliency/RGBDSOD/NJUD_FULL/000887_left
/home/lart/Datasets/Saliency/RGBDSOD/NJUD_FULL/000145_left
/home/lart/Datasets/Saliency/RGBDSOD/NJUD_FULL/001522_left
/home/lart/Datasets/Saliency/RGBDSOD/NJUD_FULL/000957_left
/home/lart/Datasets/Saliency/RGBDSOD/NJUD_FULL/000921_left
/home/lart/Datasets/Saliency/RGBDSOD/NJUD_FULL/000360_left
/home/lart/Datasets/Saliency/RGBDSOD/NJUD_FULL/000333_left
/home/lart/Datasets/Saliency/RGBDSOD/NJUD_FULL/000803_left
/home/lart/Datasets/Saliency/RGBDSOD/NJUD_FULL/001337_left
/home/lart/Datasets/Saliency/RGBDSOD/NJUD_FULL/001345_left
/home/lart/Datasets/Saliency/RGBDSOD/NJUD_FULL/001335_left
/home/lart/Datasets/Saliency/RGBDSOD/NJUD_FULL/000534_left
/home/lart/Datasets/Saliency/RGBDSOD/NJUD_FULL/000655_left
/home/lart/Datasets/Saliency/RGBDSOD/NJUD_FULL/000700_left
/home/lart/Datasets/Saliency/RGBDSOD/NJUD_FULL/000215_left
/home/lart/Datasets/Saliency/RGBDSOD/NJUD_FULL/000526_left
/home/lart/Datasets/Saliency/RGBDSOD/NJUD_FULL/000941_left
/home/lart/Datasets/Saliency/RGBDSOD/NJUD_FULL/001005_left
/home/lart/Datasets/Saliency/RGBDSOD/NJUD_FULL/001081_left
/home/lart/Datasets/Saliency/RGBDSOD/NJUD_FULL/000591_left
/home/lart/Datasets/Saliency/RGBDSOD/NJUD_FULL/000008_left
/home/lart/Datasets/Saliency/RGBDSOD/NJUD_FULL/001594_left
/home/lart/Datasets/Saliency/RGBDSOD/NJUD_FULL/000606_left
/home/lart/Datasets/Saliency/RGBDSOD/NJUD_FULL/001891_left
/home/lart/Datasets/Saliency/RGBDSOD/NJUD_FULL/001530_left
/home/lart/Datasets/Saliency/RGBDSOD/NJUD_FULL/001222_left
/home/lart/Datasets/Saliency/RGBDSOD/NJUD_FULL/001250_left
/home/lart/Datasets/Saliency/RGBDSOD/NJUD_FULL/000463_left
/home/lart/Datasets/Saliency/RGBDSOD/NJUD_FULL/002003_left
/home/lart/Datasets/Saliency/RGBDSOD/NJUD_FULL/001604_left
/home/lart/Datasets/Saliency/RGBDSOD/NJUD_FULL/001314_left
/home/lart/Datasets/Saliency/RGBDSOD/NJUD_FULL/001713_left
/home/lart/Datasets/Saliency/RGBDSOD/NJUD_FULL/001842_left
/home/lart/Datasets/Saliency/RGBDSOD/NJUD_FULL/000698_left
/home/lart/Datasets/Saliency/RGBDSOD/NJUD_FULL/001322_left
/home/lart/Datasets/Saliency/RGBDSOD/NJUD_FULL/001121_left
/home/lart/Datasets/Saliency/RGBDSOD/NJUD_FULL/000708_left
/home/lart/Datasets/Saliency/RGBDSOD/NJUD_FULL/001797_left
/home/lart/Datasets/Saliency/RGBDSOD/NJUD_FULL/001225_left
/home/lart/Datasets/Saliency/RGBDSOD/NJUD_FULL/001918_left
/home/lart/Datasets/Saliency/RGBDSOD/NJUD_FULL/001192_left
/home/lart/Datasets/Saliency/RGBDSOD/NJUD_FULL/000339_left
/home/lart/Datasets/Saliency/RGBDSOD/NJUD_FULL/001203_left
/home/lart/Datasets/Saliency/RGBDSOD/NJUD_FULL/001285_left
/home/lart/Datasets/Saliency/RGBDSOD/NJUD_FULL/001795_left
/home/lart/Datasets/Saliency/RGBDSOD/NJUD_FULL/001947_left
/home/lart/Datasets/Saliency/RGBDSOD/NJUD_FULL/001970_left
/home/lart/Datasets/Saliency/RGBDSOD/NJUD_FULL/001582_left
/home/lart/Datasets/Saliency/RGBDSOD/NJUD_FULL/000268_left
/home/lart/Datasets/Saliency/RGBDSOD/NJUD_FULL/000654_left
/home/lart/Datasets/Saliency/RGBDSOD/NJUD_FULL/000733_left
/home/lart/Datasets/Saliency/RGBDSOD/NJUD_FULL/000013_left
/home/lart/Datasets/Saliency/RGBDSOD/NJUD_FULL/001103_left
/home/lart/Datasets/Saliency/RGBDSOD/NJUD_FULL/001064_left
/home/lart/Datasets/Saliency/RGBDSOD/NJUD_FULL/000124_left
/home/lart/Datasets/Saliency/RGBDSOD/NJUD_FULL/000162_left
/home/lart/Datasets/Saliency/RGBDSOD/NJUD_FULL/001710_left
/home/lart/Datasets/Saliency/RGBDSOD/NJUD_FULL/001447_left
/home/lart/Datasets/Saliency/RGBDSOD/NJUD_FULL/001677_left
/home/lart/Datasets/Saliency/RGBDSOD/NJUD_FULL/000450_left
/home/lart/Datasets/Saliency/RGBDSOD/NJUD_FULL/000813_left
/home/lart/Datasets/Saliency/RGBDSOD/NJUD_FULL/001984_left
/home/lart/Datasets/Saliency/RGBDSOD/NJUD_FULL/001330_left
/home/lart/Datasets/Saliency/RGBDSOD/NJUD_FULL/000183_left
/home/lart/Datasets/Saliency/RGBDSOD/NJUD_FULL/000581_left
/home/lart/Datasets/Saliency/RGBDSOD/NJUD_FULL/000425_left
/home/lart/Datasets/Saliency/RGBDSOD/NJUD_FULL/000857_left
/home/lart/Datasets/Saliency/RGBDSOD/NJUD_FULL/000544_left
/home/lart/Datasets/Saliency/RGBDSOD/NJUD_FULL/001465_left
/home/lart/Datasets/Saliency/RGBDSOD/NJUD_FULL/001957_left
/home/lart/Datasets/Saliency/RGBDSOD/NJUD_FULL/001776_left
/home/lart/Datasets/Saliency/RGBDSOD/NJUD_FULL/001040_left
/home/lart/Datasets/Saliency/RGBDSOD/NJUD_FULL/001050_left
/home/lart/Datasets/Saliency/RGBDSOD/NJUD_FULL/001608_left
/home/lart/Datasets/Saliency/RGBDSOD/NJUD_FULL/000111_left
/home/lart/Datasets/Saliency/RGBDSOD/NJUD_FULL/000943_left
/home/lart/Datasets/Saliency/RGBDSOD/NJUD_FULL/000404_left
/home/lart/Datasets/Saliency/RGBDSOD/NJUD_FULL/001709_left
/home/lart/Datasets/Saliency/RGBDSOD/NJUD_FULL/001164_left
/home/lart/Datasets/Saliency/RGBDSOD/NJUD_FULL/000764_left
/home/lart/Datasets/Saliency/RGBDSOD/NJUD_FULL/001440_left
/home/lart/Datasets/Saliency/RGBDSOD/NJUD_FULL/001144_left
/home/lart/Datasets/Saliency/RGBDSOD/NJUD_FULL/001386_left
/home/lart/Datasets/Saliency/RGBDSOD/NJUD_FULL/001655_left
/home/lart/Datasets/Saliency/RGBDSOD/NJUD_FULL/002001_left
/home/lart/Datasets/Saliency/RGBDSOD/NJUD_FULL/000728_left
/home/lart/Datasets/Saliency/RGBDSOD/NJUD_FULL/001359_left
/home/lart/Datasets/Saliency/RGBDSOD/NJUD_FULL/001455_left
/home/lart/Datasets/Saliency/RGBDSOD/NJUD_FULL/001501_left
/home/lart/Datasets/Saliency/RGBDSOD/NJUD_FULL/001294_left
/home/lart/Datasets/Saliency/RGBDSOD/NJUD_FULL/000321_left
/home/lart/Datasets/Saliency/RGBDSOD/NJUD_FULL/001962_left
/home/lart/Datasets/Saliency/RGBDSOD/NJUD_FULL/000498_left
/home/lart/Datasets/Saliency/RGBDSOD/NJUD_FULL/000472_left
/home/lart/Datasets/Saliency/RGBDSOD/NJUD_FULL/000269_left
/home/lart/Datasets/Saliency/RGBDSOD/NJUD_FULL/000987_left
/home/lart/Datasets/Saliency/RGBDSOD/NJUD_FULL/000199_left
/home/lart/Datasets/Saliency/RGBDSOD/NJUD_FULL/000688_left
/home/lart/Datasets/Saliency/RGBDSOD/NJUD_FULL/000382_left
/home/lart/Datasets/Saliency/RGBDSOD/NJUD_FULL/001472_left
/home/lart/Datasets/Saliency/RGBDSOD/NJUD_FULL/001668_left
/home/lart/Datasets/Saliency/RGBDSOD/NJUD_FULL/001843_left
/home/lart/Datasets/Saliency/RGBDSOD/NJUD_FULL/001229_left
/home/lart/Datasets/Saliency/RGBDSOD/NJUD_FULL/001858_left
/home/lart/Datasets/Saliency/RGBDSOD/NJUD_FULL/000396_left
/home/lart/Datasets/Saliency/RGBDSOD/NJUD_FULL/001786_left
/home/lart/Datasets/Saliency/RGBDSOD/NJUD_FULL/001550_left
/home/lart/Datasets/Saliency/RGBDSOD/NJUD_FULL/001211_left
/home/lart/Datasets/Saliency/RGBDSOD/NJUD_FULL/000167_left
/home/lart/Datasets/Saliency/RGBDSOD/NJUD_FULL/001835_left
/home/lart/Datasets/Saliency/RGBDSOD/NJUD_FULL/000709_left
/home/lart/Datasets/Saliency/RGBDSOD/NJUD_FULL/001807_left
/home/lart/Datasets/Saliency/RGBDSOD/NJUD_FULL/000773_left
/home/lart/Datasets/Saliency/RGBDSOD/NJUD_FULL/000790_left
/home/lart/Datasets/Saliency/RGBDSOD/NJUD_FULL/000388_left
/home/lart/Datasets/Saliency/RGBDSOD/NJUD_FULL/000454_left
/home/lart/Datasets/Saliency/RGBDSOD/NJUD_FULL/000766_left
/home/lart/Datasets/Saliency/RGBDSOD/NJUD_FULL/001974_left
/home/lart/Datasets/Saliency/RGBDSOD/NJUD_FULL/000919_left
/home/lart/Datasets/Saliency/RGBDSOD/NJUD_FULL/000853_left
/home/lart/Datasets/Saliency/RGBDSOD/NJUD_FULL/001927_left
/home/lart/Datasets/Saliency/RGBDSOD/NJUD_FULL/000208_left
/home/lart/Datasets/Saliency/RGBDSOD/NJUD_FULL/000100_left
/home/lart/Datasets/Saliency/RGBDSOD/NJUD_FULL/001244_left
/home/lart/Datasets/Saliency/RGBDSOD/NJUD_FULL/000274_left
/home/lart/Datasets/Saliency/RGBDSOD/NJUD_FULL/001376_left
/home/lart/Datasets/Saliency/RGBDSOD/NJUD_FULL/000188_left
/home/lart/Datasets/Saliency/RGBDSOD/NJUD_FULL/000993_left
/home/lart/Datasets/Saliency/RGBDSOD/NJUD_FULL/001091_left
