/home/lart/Datasets/Saliency/RGBDSOD/NLPR_FULL/10_03-02-58
/home/lart/Datasets/Saliency/RGBDSOD/NLPR_FULL/9_01-26-52
/home/lart/Datasets/Saliency/RGBDSOD/NLPR_FULL/10_12-31-03
/home/lart/Datasets/Saliency/RGBDSOD/NLPR_FULL/9_12-49-32
/home/lart/Datasets/Saliency/RGBDSOD/NLPR_FULL/10_01-21-41
/home/lart/Datasets/Saliency/RGBDSOD/NLPR_FULL/9_01-29-53
/home/lart/Datasets/Saliency/RGBDSOD/NLPR_FULL/11_04-12-03
/home/lart/Datasets/Saliency/RGBDSOD/NLPR_FULL/4_07-19-52
/home/lart/Datasets/Saliency/RGBDSOD/NLPR_FULL/3_09-58-12
/home/lart/Datasets/Saliency/RGBDSOD/NLPR_FULL/10_01-00-59
/home/lart/Datasets/Saliency/RGBDSOD/NLPR_FULL/10_01-16-04
/home/lart/Datasets/Saliency/RGBDSOD/NLPR_FULL/9_07-39-33
/home/lart/Datasets/Saliency/RGBDSOD/NLPR_FULL/10_12-09-24
/home/lart/Datasets/Saliency/RGBDSOD/NLPR_FULL/11_04-00-27
/home/lart/Datasets/Saliency/RGBDSOD/NLPR_FULL/12_04-08-22
/home/lart/Datasets/Saliency/RGBDSOD/NLPR_FULL/9_01-45-08
/home/lart/Datasets/Saliency/RGBDSOD/NLPR_FULL/9_02-32-53
/home/lart/Datasets/Saliency/RGBDSOD/NLPR_FULL/10_03-30-00
/home/lart/Datasets/Saliency/RGBDSOD/NLPR_FULL/6_07-17-34
/home/lart/Datasets/Saliency/RGBDSOD/NLPR_FULL/10_09-43-10
/home/lart/Datasets/Saliency/RGBDSOD/NLPR_FULL/11_03-54-27
/home/lart/Datasets/Saliency/RGBDSOD/NLPR_FULL/6_07-23-28
/home/lart/Datasets/Saliency/RGBDSOD/NLPR_FULL/12_03-56-52
/home/lart/Datasets/Saliency/RGBDSOD/NLPR_FULL/10_03-09-03
/home/lart/Datasets/Saliency/RGBDSOD/NLPR_FULL/12_04-10-54
/home/lart/Datasets/Saliency/RGBDSOD/NLPR_FULL/10_01-21-12
/home/lart/Datasets/Saliency/RGBDSOD/NLPR_FULL/4_07-11-58
/home/lart/Datasets/Saliency/RGBDSOD/NLPR_FULL/10_12-52-35
/home/lart/Datasets/Saliency/RGBDSOD/NLPR_FULL/4_07-27-16
/home/lart/Datasets/Saliency/RGBDSOD/NLPR_FULL/5_06-33-43
/home/lart/Datasets/Saliency/RGBDSOD/NLPR_FULL/10_02-58-50
/home/lart/Datasets/Saliency/RGBDSOD/NLPR_FULL/11_03-57-38
/home/lart/Datasets/Saliency/RGBDSOD/NLPR_FULL/10_12-08-15
/home/lart/Datasets/Saliency/RGBDSOD/NLPR_FULL/11_04-01-41
/home/lart/Datasets/Saliency/RGBDSOD/NLPR_FULL/10_03-31-22
/home/lart/Datasets/Saliency/RGBDSOD/NLPR_FULL/8_10-45-46
/home/lart/Datasets/Saliency/RGBDSOD/NLPR_FULL/1_03-14-01
/home/lart/Datasets/Saliency/RGBDSOD/NLPR_FULL/10_12-21-34
/home/lart/Datasets/Saliency/RGBDSOD/NLPR_FULL/11_04-09-57
/home/lart/Datasets/Saliency/RGBDSOD/NLPR_FULL/10_03-02-53
/home/lart/Datasets/Saliency/RGBDSOD/NLPR_FULL/5_07-43-45
/home/lart/Datasets/Saliency/RGBDSOD/NLPR_FULL/8_08-50-01
/home/lart/Datasets/Saliency/RGBDSOD/NLPR_FULL/2_07-30-36
/home/lart/Datasets/Saliency/RGBDSOD/NLPR_FULL/10_01-11-07
/home/lart/Datasets/Saliency/RGBDSOD/NLPR_FULL/9_07-53-04
/home/lart/Datasets/Saliency/RGBDSOD/NLPR_FULL/11_03-50-21
/home/lart/Datasets/Saliency/RGBDSOD/NLPR_FULL/6_07-29-49
/home/lart/Datasets/Saliency/RGBDSOD/NLPR_FULL/10_09-45-03
/home/lart/Datasets/Saliency/RGBDSOD/NLPR_FULL/10_12-23-51
/home/lart/Datasets/Saliency/RGBDSOD/NLPR_FULL/8_08-44-50
/home/lart/Datasets/Saliency/RGBDSOD/NLPR_FULL/10_03-00-16
/home/lart/Datasets/Saliency/RGBDSOD/NLPR_FULL/10_03-30-04
/home/lart/Datasets/Saliency/RGBDSOD/NLPR_FULL/10_03-26-51
/home/lart/Datasets/Saliency/RGBDSOD/NLPR_FULL/9_07-43-11
/home/lart/Datasets/Saliency/RGBDSOD/NLPR_FULL/10_01-17-25
/home/lart/Datasets/Saliency/RGBDSOD/NLPR_FULL/8_08-43-28
/home/lart/Datasets/Saliency/RGBDSOD/NLPR_FULL/11_03-45-19
/home/lart/Datasets/Saliency/RGBDSOD/NLPR_FULL/9_03-47-17
/home/lart/Datasets/Saliency/RGBDSOD/NLPR_FULL/10_01-30-24
/home/lart/Datasets/Saliency/RGBDSOD/NLPR_FULL/11_04-11-08
/home/lart/Datasets/Saliency/RGBDSOD/NLPR_FULL/9_07-43-43
/home/lart/Datasets/Saliency/RGBDSOD/NLPR_FULL/10_09-36-58
/home/lart/Datasets/Saliency/RGBDSOD/NLPR_FULL/4_06-42-14
/home/lart/Datasets/Saliency/RGBDSOD/NLPR_FULL/6_04-58-43
/home/lart/Datasets/Saliency/RGBDSOD/NLPR_FULL/7_06-54-32
/home/lart/Datasets/Saliency/RGBDSOD/NLPR_FULL/9_02-08-48
/home/lart/Datasets/Saliency/RGBDSOD/NLPR_FULL/10_03-27-39
/home/lart/Datasets/Saliency/RGBDSOD/NLPR_FULL/9_04-03-52
/home/lart/Datasets/Saliency/RGBDSOD/NLPR_FULL/9_07-44-34
/home/lart/Datasets/Saliency/RGBDSOD/NLPR_FULL/11_04-07-29
/home/lart/Datasets/Saliency/RGBDSOD/NLPR_FULL/4_07-11-40
/home/lart/Datasets/Saliency/RGBDSOD/NLPR_FULL/9_01-27-10
/home/lart/Datasets/Saliency/RGBDSOD/NLPR_FULL/9_12-47-12
/home/lart/Datasets/Saliency/RGBDSOD/NLPR_FULL/10_03-03-52
/home/lart/Datasets/Saliency/RGBDSOD/NLPR_FULL/8_10-53-50
/home/lart/Datasets/Saliency/RGBDSOD/NLPR_FULL/10_01-05-11
/home/lart/Datasets/Saliency/RGBDSOD/NLPR_FULL/9_12-43-07
/home/lart/Datasets/Saliency/RGBDSOD/NLPR_FULL/4_04-12-56
/home/lart/Datasets/Saliency/RGBDSOD/NLPR_FULL/8_08-21-58
/home/lart/Datasets/Saliency/RGBDSOD/NLPR_FULL/11_03-54-51
/home/lart/Datasets/Saliency/RGBDSOD/NLPR_FULL/9_12-49-39
/home/lart/Datasets/Saliency/RGBDSOD/NLPR_FULL/5_07-32-31
/home/lart/Datasets/Saliency/RGBDSOD/NLPR_FULL/12_04-08-01
/home/lart/Datasets/Saliency/RGBDSOD/NLPR_FULL/11_04-10-15
/home/lart/Datasets/Saliency/RGBDSOD/NLPR_FULL/6_05-03-01
/home/lart/Datasets/Saliency/RGBDSOD/NLPR_FULL/8_08-40-35
/home/lart/Datasets/Saliency/RGBDSOD/NLPR_FULL/6_06-28-34
/home/lart/Datasets/Saliency/RGBDSOD/NLPR_FULL/10_12-43-24
/home/lart/Datasets/Saliency/RGBDSOD/NLPR_FULL/9_01-31-18
/home/lart/Datasets/Saliency/RGBDSOD/NLPR_FULL/2_07-29-35
/home/lart/Datasets/Saliency/RGBDSOD/NLPR_FULL/1_03-33-09
/home/lart/Datasets/Saliency/RGBDSOD/NLPR_FULL/11_03-52-34
/home/lart/Datasets/Saliency/RGBDSOD/NLPR_FULL/10_03-21-10
/home/lart/Datasets/Saliency/RGBDSOD/NLPR_FULL/7_07-47-01
/home/lart/Datasets/Saliency/RGBDSOD/NLPR_FULL/8_11-00-46
/home/lart/Datasets/Saliency/RGBDSOD/NLPR_FULL/10_03-24-30
/home/lart/Datasets/Saliency/RGBDSOD/NLPR_FULL/11_04-04-44
/home/lart/Datasets/Saliency/RGBDSOD/NLPR_FULL/12_03-46-16
/home/lart/Datasets/Saliency/RGBDSOD/NLPR_FULL/10_03-25-23
/home/lart/Datasets/Saliency/RGBDSOD/NLPR_FULL/9_03-17-27
/home/lart/Datasets/Saliency/RGBDSOD/NLPR_FULL/4_04-26-35
/home/lart/Datasets/Saliency/RGBDSOD/NLPR_FULL/6_07-43-43
/home/lart/Datasets/Saliency/RGBDSOD/NLPR_FULL/11_03-44-29
/home/lart/Datasets/Saliency/RGBDSOD/NLPR_FULL/2_07-11-17
/home/lart/Datasets/Saliency/RGBDSOD/NLPR_FULL/9_07-54-34
/home/lart/Datasets/Saliency/RGBDSOD/NLPR_FULL/11_03-56-58
/home/lart/Datasets/Saliency/RGBDSOD/NLPR_FULL/10_03-04-46
/home/lart/Datasets/Saliency/RGBDSOD/NLPR_FULL/9_03-24-15
/home/lart/Datasets/Saliency/RGBDSOD/NLPR_FULL/8_08-31-31
/home/lart/Datasets/Saliency/RGBDSOD/NLPR_FULL/11_03-50-18
/home/lart/Datasets/Saliency/RGBDSOD/NLPR_FULL/10_12-59-25
/home/lart/Datasets/Saliency/RGBDSOD/NLPR_FULL/9_03-43-11
/home/lart/Datasets/Saliency/RGBDSOD/NLPR_FULL/1_02-08-35
/home/lart/Datasets/Saliency/RGBDSOD/NLPR_FULL/8_08-44-47
/home/lart/Datasets/Saliency/RGBDSOD/NLPR_FULL/1_03-25-07
/home/lart/Datasets/Saliency/RGBDSOD/NLPR_FULL/9_12-57-26
/home/lart/Datasets/Saliency/RGBDSOD/NLPR_FULL/10_01-02-01
/home/lart/Datasets/Saliency/RGBDSOD/NLPR_FULL/5_06-51-04
/home/lart/Datasets/Saliency/RGBDSOD/NLPR_FULL/8_08-35-57
/home/lart/Datasets/Saliency/RGBDSOD/NLPR_FULL/11_03-48-16
/home/lart/Datasets/Saliency/RGBDSOD/NLPR_FULL/11_03-46-33
/home/lart/Datasets/Saliency/RGBDSOD/NLPR_FULL/1_02-54-18
/home/lart/Datasets/Saliency/RGBDSOD/NLPR_FULL/9_03-40-19
/home/lart/Datasets/Saliency/RGBDSOD/NLPR_FULL/10_12-38-32
/home/lart/Datasets/Saliency/RGBDSOD/NLPR_FULL/8_08-47-23
/home/lart/Datasets/Saliency/RGBDSOD/NLPR_FULL/7_07-11-51
/home/lart/Datasets/Saliency/RGBDSOD/NLPR_FULL/9_12-53-07
/home/lart/Datasets/Saliency/RGBDSOD/NLPR_FULL/9_07-41-17
/home/lart/Datasets/Saliency/RGBDSOD/NLPR_FULL/10_03-27-11
/home/lart/Datasets/Saliency/RGBDSOD/NLPR_FULL/10_01-13-37
/home/lart/Datasets/Saliency/RGBDSOD/NLPR_FULL/11_04-09-52
/home/lart/Datasets/Saliency/RGBDSOD/NLPR_FULL/6_04-58-12
/home/lart/Datasets/Saliency/RGBDSOD/NLPR_FULL/8_08-43-18
/home/lart/Datasets/Saliency/RGBDSOD/NLPR_FULL/2_07-12-31
/home/lart/Datasets/Saliency/RGBDSOD/NLPR_FULL/9_01-39-48
/home/lart/Datasets/Saliency/RGBDSOD/NLPR_FULL/10_03-03-36
/home/lart/Datasets/Saliency/RGBDSOD/NLPR_FULL/9_07-44-59
/home/lart/Datasets/Saliency/RGBDSOD/NLPR_FULL/3_09-48-48
/home/lart/Datasets/Saliency/RGBDSOD/NLPR_FULL/12_04-28-09
/home/lart/Datasets/Saliency/RGBDSOD/NLPR_FULL/5_06-52-11
/home/lart/Datasets/Saliency/RGBDSOD/NLPR_FULL/10_12-04-03
/home/lart/Datasets/Saliency/RGBDSOD/NLPR_FULL/10_03-31-34
/home/lart/Datasets/Saliency/RGBDSOD/NLPR_FULL/11_03-53-12
/home/lart/Datasets/Saliency/RGBDSOD/NLPR_FULL/10_09-54-58
/home/lart/Datasets/Saliency/RGBDSOD/NLPR_FULL/10_03-30-36
/home/lart/Datasets/Saliency/RGBDSOD/NLPR_FULL/7_07-55-40
/home/lart/Datasets/Saliency/RGBDSOD/NLPR_FULL/11_04-05-19
/home/lart/Datasets/Saliency/RGBDSOD/NLPR_FULL/8_08-45-57
/home/lart/Datasets/Saliency/RGBDSOD/NLPR_FULL/10_12-53-37
/home/lart/Datasets/Saliency/RGBDSOD/NLPR_FULL/5_06-49-15
/home/lart/Datasets/Saliency/RGBDSOD/NLPR_FULL/9_07-49-43
/home/lart/Datasets/Saliency/RGBDSOD/NLPR_FULL/9_07-44-01
/home/lart/Datasets/Saliency/RGBDSOD/NLPR_FULL/9_12-45-27
/home/lart/Datasets/Saliency/RGBDSOD/NLPR_FULL/9_01-31-34
/home/lart/Datasets/Saliency/RGBDSOD/NLPR_FULL/6_04-53-56
/home/lart/Datasets/Saliency/RGBDSOD/NLPR_FULL/10_01-06-39
/home/lart/Datasets/Saliency/RGBDSOD/NLPR_FULL/3_09-39-06
/home/lart/Datasets/Saliency/RGBDSOD/NLPR_FULL/10_03-19-22
/home/lart/Datasets/Saliency/RGBDSOD/NLPR_FULL/8_08-47-34
/home/lart/Datasets/Saliency/RGBDSOD/NLPR_FULL/1_03-14-28
/home/lart/Datasets/Saliency/RGBDSOD/NLPR_FULL/1_10-38-55
/home/lart/Datasets/Saliency/RGBDSOD/NLPR_FULL/10_12-59-19
/home/lart/Datasets/Saliency/RGBDSOD/NLPR_FULL/10_12-34-43
/home/lart/Datasets/Saliency/RGBDSOD/NLPR_FULL/1_02-03-44
/home/lart/Datasets/Saliency/RGBDSOD/NLPR_FULL/9_12-50-00
/home/lart/Datasets/Saliency/RGBDSOD/NLPR_FULL/7_08-14-28
/home/lart/Datasets/Saliency/RGBDSOD/NLPR_FULL/3_10-49-53
/home/lart/Datasets/Saliency/RGBDSOD/NLPR_FULL/10_02-58-46
/home/lart/Datasets/Saliency/RGBDSOD/NLPR_FULL/3_10-49-44
/home/lart/Datasets/Saliency/RGBDSOD/NLPR_FULL/9_07-36-43
/home/lart/Datasets/Saliency/RGBDSOD/NLPR_FULL/8_08-42-48
/home/lart/Datasets/Saliency/RGBDSOD/NLPR_FULL/12_03-49-50
/home/lart/Datasets/Saliency/RGBDSOD/NLPR_FULL/8_08-38-16
/home/lart/Datasets/Saliency/RGBDSOD/NLPR_FULL/10_01-16-21
/home/lart/Datasets/Saliency/RGBDSOD/NLPR_FULL/10_09-37-38
/home/lart/Datasets/Saliency/RGBDSOD/NLPR_FULL/7_07-05-53
/home/lart/Datasets/Saliency/RGBDSOD/NLPR_FULL/4_07-03-04
/home/lart/Datasets/Saliency/RGBDSOD/NLPR_FULL/4_07-13-06
/home/lart/Datasets/Saliency/RGBDSOD/NLPR_FULL/1_02-59-20
/home/lart/Datasets/Saliency/RGBDSOD/NLPR_FULL/11_04-10-34
/home/lart/Datasets/Saliency/RGBDSOD/NLPR_FULL/4_07-09-49
/home/lart/Datasets/Saliency/RGBDSOD/NLPR_FULL/10_03-04-17
/home/lart/Datasets/Saliency/RGBDSOD/NLPR_FULL/5_06-39-00
/home/lart/Datasets/Saliency/RGBDSOD/NLPR_FULL/3_10-09-52
/home/lart/Datasets/Saliency/RGBDSOD/NLPR_FULL/4_04-14-11
/home/lart/Datasets/Saliency/RGBDSOD/NLPR_FULL/8_08-47-42
/home/lart/Datasets/Saliency/RGBDSOD/NLPR_FULL/10_09-37-52
/home/lart/Datasets/Saliency/RGBDSOD/NLPR_FULL/8_10-45-14
/home/lart/Datasets/Saliency/RGBDSOD/NLPR_FULL/5_06-32-14
/home/lart/Datasets/Saliency/RGBDSOD/NLPR_FULL/8_08-40-51
/home/lart/Datasets/Saliency/RGBDSOD/NLPR_FULL/9_01-20-23
/home/lart/Datasets/Saliency/RGBDSOD/NLPR_FULL/2_07-20-22
/home/lart/Datasets/Saliency/RGBDSOD/NLPR_FULL/9_12-51-06
/home/lart/Datasets/Saliency/RGBDSOD/NLPR_FULL/12_03-50-35
/home/lart/Datasets/Saliency/RGBDSOD/NLPR_FULL/10_09-30-36
/home/lart/Datasets/Saliency/RGBDSOD/NLPR_FULL/4_05-33-06
/home/lart/Datasets/Saliency/RGBDSOD/NLPR_FULL/11_04-06-05
/home/lart/Datasets/Saliency/RGBDSOD/NLPR_FULL/11_03-44-41
/home/lart/Datasets/Saliency/RGBDSOD/NLPR_FULL/11_03-45-58
/home/lart/Datasets/Saliency/RGBDSOD/NLPR_FULL/11_04-01-05
/home/lart/Datasets/Saliency/RGBDSOD/NLPR_FULL/10_12-31-31
/home/lart/Datasets/Saliency/RGBDSOD/NLPR_FULL/10_03-08-08
/home/lart/Datasets/Saliency/RGBDSOD/NLPR_FULL/10_03-05-48
/home/lart/Datasets/Saliency/RGBDSOD/NLPR_FULL/5_06-44-36
/home/lart/Datasets/Saliency/RGBDSOD/NLPR_FULL/3_09-51-22
/home/lart/Datasets/Saliency/RGBDSOD/NLPR_FULL/10_01-21-21
/home/lart/Datasets/Saliency/RGBDSOD/NLPR_FULL/5_08-14-10
/home/lart/Datasets/Saliency/RGBDSOD/NLPR_FULL/10_12-35-19
/home/lart/Datasets/Saliency/RGBDSOD/NLPR_FULL/9_03-29-40
/home/lart/Datasets/Saliency/RGBDSOD/NLPR_FULL/8_08-43-01
/home/lart/Datasets/Saliency/RGBDSOD/NLPR_FULL/8_08-24-52
/home/lart/Datasets/Saliency/RGBDSOD/NLPR_FULL/4_06-41-47
/home/lart/Datasets/Saliency/RGBDSOD/NLPR_FULL/8_08-47-51
/home/lart/Datasets/Saliency/RGBDSOD/NLPR_FULL/10_01-20-50
/home/lart/Datasets/Saliency/RGBDSOD/NLPR_FULL/10_03-06-51
/home/lart/Datasets/Saliency/RGBDSOD/NLPR_FULL/11_03-46-45
/home/lart/Datasets/Saliency/RGBDSOD/NLPR_FULL/12_03-57-56
/home/lart/Datasets/Saliency/RGBDSOD/NLPR_FULL/9_07-49-10
/home/lart/Datasets/Saliency/RGBDSOD/NLPR_FULL/10_01-22-41
/home/lart/Datasets/Saliency/RGBDSOD/NLPR_FULL/9_03-44-14
/home/lart/Datasets/Saliency/RGBDSOD/NLPR_FULL/9_12-48-03
/home/lart/Datasets/Saliency/RGBDSOD/NLPR_FULL/2_07-24-55
/home/lart/Datasets/Saliency/RGBDSOD/NLPR_FULL/11_03-57-45
/home/lart/Datasets/Saliency/RGBDSOD/NLPR_FULL/8_08-28-28
/home/lart/Datasets/Saliency/RGBDSOD/NLPR_FULL/4_06-53-51
/home/lart/Datasets/Saliency/RGBDSOD/NLPR_FULL/11_03-57-31
/home/lart/Datasets/Saliency/RGBDSOD/NLPR_FULL/8_08-40-12
/home/lart/Datasets/Saliency/RGBDSOD/NLPR_FULL/2_06-57-36
/home/lart/Datasets/Saliency/RGBDSOD/NLPR_FULL/3_10-07-46
/home/lart/Datasets/Saliency/RGBDSOD/NLPR_FULL/4_07-06-18
/home/lart/Datasets/Saliency/RGBDSOD/NLPR_FULL/6_06-42-57
/home/lart/Datasets/Saliency/RGBDSOD/NLPR_FULL/9_02-30-59
/home/lart/Datasets/Saliency/RGBDSOD/NLPR_FULL/11_04-07-51
/home/lart/Datasets/Saliency/RGBDSOD/NLPR_FULL/11_03-47-32
/home/lart/Datasets/Saliency/RGBDSOD/NLPR_FULL/1_10-34-04
/home/lart/Datasets/Saliency/RGBDSOD/NLPR_FULL/11_04-02-04
/home/lart/Datasets/Saliency/RGBDSOD/NLPR_FULL/10_02-58-59
/home/lart/Datasets/Saliency/RGBDSOD/NLPR_FULL/10_03-27-50
/home/lart/Datasets/Saliency/RGBDSOD/NLPR_FULL/7_06-05-48
/home/lart/Datasets/Saliency/RGBDSOD/NLPR_FULL/6_07-00-18
/home/lart/Datasets/Saliency/RGBDSOD/NLPR_FULL/11_04-09-12
/home/lart/Datasets/Saliency/RGBDSOD/NLPR_FULL/3_10-40-14
/home/lart/Datasets/Saliency/RGBDSOD/NLPR_FULL/1_03-32-45
/home/lart/Datasets/Saliency/RGBDSOD/NLPR_FULL/10_02-58-26
/home/lart/Datasets/Saliency/RGBDSOD/NLPR_FULL/10_10-10-45
/home/lart/Datasets/Saliency/RGBDSOD/NLPR_FULL/5_07-37-32
/home/lart/Datasets/Saliency/RGBDSOD/NLPR_FULL/12_03-50-56
/home/lart/Datasets/Saliency/RGBDSOD/NLPR_FULL/8_08-23-41
/home/lart/Datasets/Saliency/RGBDSOD/NLPR_FULL/11_03-57-01
/home/lart/Datasets/Saliency/RGBDSOD/NLPR_FULL/10_12-23-20
/home/lart/Datasets/Saliency/RGBDSOD/NLPR_FULL/10_12-46-02
/home/lart/Datasets/Saliency/RGBDSOD/NLPR_FULL/12_04-24-29
/home/lart/Datasets/Saliency/RGBDSOD/NLPR_FULL/11_04-11-44
/home/lart/Datasets/Saliency/RGBDSOD/NLPR_FULL/10_10-06-12
/home/lart/Datasets/Saliency/RGBDSOD/NLPR_FULL/10_03-24-01
/home/lart/Datasets/Saliency/RGBDSOD/NLPR_FULL/10_12-07-43
/home/lart/Datasets/Saliency/RGBDSOD/NLPR_FULL/10_01-18-15
/home/lart/Datasets/Saliency/RGBDSOD/NLPR_FULL/10_03-25-10
/home/lart/Datasets/Saliency/RGBDSOD/NLPR_FULL/4_07-24-01
/home/lart/Datasets/Saliency/RGBDSOD/NLPR_FULL/7_07-53-39
/home/lart/Datasets/Saliency/RGBDSOD/NLPR_FULL/8_08-33-10
/home/lart/Datasets/Saliency/RGBDSOD/NLPR_FULL/10_09-56-44
/home/lart/Datasets/Saliency/RGBDSOD/NLPR_FULL/10_03-07-35
/home/lart/Datasets/Saliency/RGBDSOD/NLPR_FULL/7_06-06-36
/home/lart/Datasets/Saliency/RGBDSOD/NLPR_FULL/6_07-32-30
/home/lart/Datasets/Saliency/RGBDSOD/NLPR_FULL/7_06-47-58
/home/lart/Datasets/Saliency/RGBDSOD/NLPR_FULL/9_07-47-33
/home/lart/Datasets/Saliency/RGBDSOD/NLPR_FULL/12_04-24-53
/home/lart/Datasets/Saliency/RGBDSOD/NLPR_FULL/10_01-10-53
/home/lart/Datasets/Saliency/RGBDSOD/NLPR_FULL/11_03-53-24
/home/lart/Datasets/Saliency/RGBDSOD/NLPR_FULL/11_03-54-11
/home/lart/Datasets/Saliency/RGBDSOD/NLPR_FULL/9_12-51-21
/home/lart/Datasets/Saliency/RGBDSOD/NLPR_FULL/8_08-29-12
/home/lart/Datasets/Saliency/RGBDSOD/NLPR_FULL/10_12-16-10
/home/lart/Datasets/Saliency/RGBDSOD/NLPR_FULL/6_07-16-46
/home/lart/Datasets/Saliency/RGBDSOD/NLPR_FULL/10_01-16-00
/home/lart/Datasets/Saliency/RGBDSOD/NLPR_FULL/10_09-49-49
/home/lart/Datasets/Saliency/RGBDSOD/NLPR_FULL/6_07-19-03
/home/lart/Datasets/Saliency/RGBDSOD/NLPR_FULL/11_03-44-03
/home/lart/Datasets/Saliency/RGBDSOD/NLPR_FULL/4_06-36-33
/home/lart/Datasets/Saliency/RGBDSOD/NLPR_FULL/2_07-22-25
/home/lart/Datasets/Saliency/RGBDSOD/NLPR_FULL/10_12-31-20
/home/lart/Datasets/Saliency/RGBDSOD/NLPR_FULL/9_12-37-52
/home/lart/Datasets/Saliency/RGBDSOD/NLPR_FULL/9_03-31-59
/home/lart/Datasets/Saliency/RGBDSOD/NLPR_FULL/3_10-42-10
/home/lart/Datasets/Saliency/RGBDSOD/NLPR_FULL/9_07-47-38
/home/lart/Datasets/Saliency/RGBDSOD/NLPR_FULL/10_01-17-42
/home/lart/Datasets/Saliency/RGBDSOD/NLPR_FULL/10_12-19-31
/home/lart/Datasets/Saliency/RGBDSOD/NLPR_FULL/5_07-36-08
/home/lart/Datasets/Saliency/RGBDSOD/NLPR_FULL/8_08-21-27
/home/lart/Datasets/Saliency/RGBDSOD/NLPR_FULL/9_03-25-21
/home/lart/Datasets/Saliency/RGBDSOD/NLPR_FULL/11_04-09-03
/home/lart/Datasets/Saliency/RGBDSOD/NLPR_FULL/10_01-18-10
/home/lart/Datasets/Saliency/RGBDSOD/NLPR_FULL/9_07-48-01
/home/lart/Datasets/Saliency/RGBDSOD/NLPR_FULL/3_09-42-39
/home/lart/Datasets/Saliency/RGBDSOD/NLPR_FULL/12_03-46-26
/home/lart/Datasets/Saliency/RGBDSOD/NLPR_FULL/11_03-47-05
/home/lart/Datasets/Saliency/RGBDSOD/NLPR_FULL/10_09-44-33
/home/lart/Datasets/Saliency/RGBDSOD/NLPR_FULL/3_09-25-17
/home/lart/Datasets/Saliency/RGBDSOD/NLPR_FULL/10_09-29-58
